<?xml version="1.0" encoding="utf-8"?><testsuites name="pytest tests"><testsuite name="pytest" errors="0" failures="0" skipped="0" tests="0" time="2.487" timestamp="2026-01-27T16:34:24.198013+00:00" hostname="MBP-de-pierre-001.lan" /></testsuites>